Release 14.1 - xst P.15xf (nt64)
Copyright (c) 1995-2012 Xilinx, Inc.  All rights reserved.
--> Parameter TMPDIR set to xst/projnav.tmp


Total REAL time to Xst completion: 0.00 secs
Total CPU time to Xst completion: 0.06 secs
 
--> Parameter xsthdpdir set to xst


Total REAL time to Xst completion: 0.00 secs
Total CPU time to Xst completion: 0.06 secs
 
--> Reading design: mcs_top.prj

TABLE OF CONTENTS
  1) Synthesis Options Summary
  2) HDL Compilation
  3) Design Hierarchy Analysis
  4) HDL Analysis
  5) HDL Synthesis
     5.1) HDL Synthesis Report
  6) Advanced HDL Synthesis
     6.1) Advanced HDL Synthesis Report
  7) Low Level Synthesis
  8) Partition Report
  9) Final Report
	9.1) Device utilization summary
	9.2) Partition Resource Summary
	9.3) TIMING REPORT


=========================================================================
*                      Synthesis Options Summary                        *
=========================================================================
---- Source Parameters
Input File Name                    : "mcs_top.prj"
Input Format                       : mixed
Ignore Synthesis Constraint File   : NO

---- Target Parameters
Output File Name                   : "mcs_top"
Output Format                      : NGC
Target Device                      : xc3s1000-4-ft256

---- Source Options
Top Module Name                    : mcs_top
Automatic FSM Extraction           : YES
FSM Encoding Algorithm             : Auto
Safe Implementation                : No
FSM Style                          : LUT
RAM Extraction                     : Yes
RAM Style                          : Auto
ROM Extraction                     : Yes
Mux Style                          : Auto
Decoder Extraction                 : YES
Priority Encoder Extraction        : Yes
Shift Register Extraction          : YES
Logical Shifter Extraction         : YES
XOR Collapsing                     : YES
ROM Style                          : Auto
Mux Extraction                     : Yes
Resource Sharing                   : YES
Asynchronous To Synchronous        : NO
Multiplier Style                   : Auto
Automatic Register Balancing       : No

---- Target Options
Add IO Buffers                     : YES
Global Maximum Fanout              : 100000
Add Generic Clock Buffer(BUFG)     : 8
Register Duplication               : YES
Slice Packing                      : YES
Optimize Instantiated Primitives   : NO
Use Clock Enable                   : Yes
Use Synchronous Set                : Yes
Use Synchronous Reset              : Yes
Pack IO Registers into IOBs        : Auto
Equivalent register Removal        : YES

---- General Options
Optimization Goal                  : Speed
Optimization Effort                : 1
Keep Hierarchy                     : No
Netlist Hierarchy                  : As_Optimized
RTL Output                         : Yes
Global Optimization                : AllClockNets
Read Cores                         : YES
Write Timing Constraints           : NO
Cross Clock Analysis               : NO
Hierarchy Separator                : /
Bus Delimiter                      : <>
Case Specifier                     : Maintain
Slice Utilization Ratio            : 100
BRAM Utilization Ratio             : 100
Verilog 2001                       : YES
Auto BRAM Packing                  : NO
Slice Utilization Ratio Delta      : 5

---- Other Options
Cores Search Directories           : {"ipcore_dir"  }

=========================================================================


=========================================================================
*                          HDL Compilation                              *
=========================================================================
WARNING:HDLParsers:3498 - No primary, secondary unit in the file "C:/hlocal/chs/Pr1/MyHello/ipcore_dir/microblaze_mcs.vhd. Ignore this file from project file "C:/hlocal/chs/Pr1/MyHello/mcs_top_vhdl.prj".
Compiling vhdl file "C:/hlocal/chs/Pr1/MyHello/ipcore_dir/fifo.vhd" in Library work.
Architecture fifo_a of Entity fifo is up to date.
Compiling vhdl file "C:/hlocal/chs/Pr1/MyHello/fifo_interfaz.vhd" in Library work.
Architecture behavioral of Entity fifo_interfaz is up to date.
Compiling vhdl file "C:/hlocal/chs/Pr1/MyHello/divisor.vhd" in Library work.
Architecture behavioral of Entity divisor is up to date.
Compiling vhdl file "C:/hlocal/chs/Pr1/MyHello/register_n.vhd" in Library work.
Architecture behavioral of Entity register_n is up to date.
Compiling vhdl file "C:/hlocal/chs/Pr1/MyHello/mcs_top.vhd" in Library work.
Entity <mcs_top> compiled.
ERROR:HDLParsers:856 - "C:/hlocal/chs/Pr1/MyHello/mcs_top.vhd" Line 101. No default value for unconnected port <din>.
ERROR:HDLParsers:856 - "C:/hlocal/chs/Pr1/MyHello/mcs_top.vhd" Line 102. No default value for unconnected port <wr_en>.
ERROR:HDLParsers:856 - "C:/hlocal/chs/Pr1/MyHello/mcs_top.vhd" Line 103. No default value for unconnected port <rd_en>.
--> 

Total memory usage is 252648 kilobytes

Number of errors   :    3 (   0 filtered)
Number of warnings :    1 (   0 filtered)
Number of infos    :    0 (   0 filtered)

