EN divisor NULL C:/hlocal/chs/Pr1/MyHello/divisor.vhd sub00/vhpl04 1452784091
AR divisor behavioral C:/hlocal/chs/Pr1/MyHello/divisor.vhd sub00/vhpl05 1452784092
AR mcs_top rtl C:/hlocal/chs/Pr1/MyHello/mcs_top.vhd sub00/vhpl03 1452784096
EN register_n NULL C:/hlocal/chs/Pr1/MyHello/register_n.vhd sub00/vhpl00 1452784093
EN mcs_top NULL C:/hlocal/chs/Pr1/MyHello/mcs_top.vhd sub00/vhpl02 1452784095
AR register_n behavioral C:/hlocal/chs/Pr1/MyHello/register_n.vhd sub00/vhpl01 1452784094
