V3 4
FL C:/hlocal/HelloWorldMicroBlaze/mcs_top.vhd 2015/11/18.12:42:02 P.15xf
EN work/mcs_top 1447848272 FL C:/hlocal/HelloWorldMicroBlaze/mcs_top.vhd \
      PB ieee/std_logic_1164 1335251622
AR work/mcs_top/rtl 1447848273 \
      FL C:/hlocal/HelloWorldMicroBlaze/mcs_top.vhd EN work/mcs_top 1447848272 \
      CP microblaze_mcs
